Program Version,EnergyPlus, Version 25.1.0-68a4a7c774, YMD=2026.03.11 03:43,
   ** Warning ** Timestep: Requested number (1) is less than the suggested minimum of 4.
   **   ~~~   ** Please see entry for Timestep in Input/Output Reference for discussion of considerations.
   ************* Beginning Zone Sizing Calculations
   ** Warning ** SetUpZoneSizingArrays: Requested Sizing for Zone="EAST PERIMETER", Zone has no thermostat (ref: ZoneControl:Thermostat, et al)
   ** Warning ** SetUpZoneSizingArrays: Requested Sizing for Zone="WEST PERIMETER", Zone has no thermostat (ref: ZoneControl:Thermostat, et al)
   ** Warning ** SetUpZoneSizingArrays: Requested Sizing for Zone="SOUTH PERIMETER", Zone has no thermostat (ref: ZoneControl:Thermostat, et al)
   ** Warning ** SetUpZoneSizingArrays: Requested Sizing for Zone="NORTH PERIMETER", Zone has no thermostat (ref: ZoneControl:Thermostat, et al)
   ** Warning ** Calculated design cooling load for zone=EAST PERIMETER is zero.
   **   ~~~   ** Check Sizing:Zone and ZoneControl:Thermostat inputs.
   ** Warning ** Calculated design heating load for zone=EAST PERIMETER is zero.
   **   ~~~   ** Check Sizing:Zone and ZoneControl:Thermostat inputs.
   ** Warning ** Calculated design cooling load for zone=NORTH PERIMETER is zero.
   **   ~~~   ** Check Sizing:Zone and ZoneControl:Thermostat inputs.
   ** Warning ** Calculated design heating load for zone=NORTH PERIMETER is zero.
   **   ~~~   ** Check Sizing:Zone and ZoneControl:Thermostat inputs.
   ** Warning ** Calculated design cooling load for zone=SOUTH PERIMETER is zero.
   **   ~~~   ** Check Sizing:Zone and ZoneControl:Thermostat inputs.
   ** Warning ** Calculated design heating load for zone=SOUTH PERIMETER is zero.
   **   ~~~   ** Check Sizing:Zone and ZoneControl:Thermostat inputs.
   ** Warning ** Calculated design cooling load for zone=WEST PERIMETER is zero.
   **   ~~~   ** Check Sizing:Zone and ZoneControl:Thermostat inputs.
   ** Warning ** Calculated design heating load for zone=WEST PERIMETER is zero.
   **   ~~~   ** Check Sizing:Zone and ZoneControl:Thermostat inputs.
   ************* Beginning Plant Sizing Calculations
   ************* Testing Individual Branch Integrity
   ************* All Branches passed integrity testing
   ************* Testing Individual Supply Air Path Integrity
   ************* All Supply Air Paths passed integrity testing
   ************* Testing Individual Return Air Path Integrity
   ************* All Return Air Paths passed integrity testing
   ************* No node connection errors were found.
   ************* Beginning Simulation
   ************* Simulation Error Summary *************
   ************* There are 2 unused schedules in input.
   ************* Use Output:Diagnostics,DisplayUnusedSchedules; to see them.
   ************* EnergyPlus Warmup Error Summary. During Warmup: 0 Warning; 0 Severe Errors.
   ************* EnergyPlus Sizing Error Summary. During Sizing: 12 Warning; 0 Severe Errors.
   ************* EnergyPlus Completed Successfully-- 13 Warning; 0 Severe Errors; Elapsed Time=00hr 00min 13.87sec
